﻿[36mvite v8.0.1 [32mbuilding client environment for production...[36m[39m
[2K
transforming...✓ 2143 modules transformed.
node.exe : [31m✗[39m 
Build failed in 298ms
At C:\Program Files\nod
ejs\npx.ps1:29 char:3
+   & $NODE_EXE 
$NPX_CLI_JS $args
+   ~~~~~~~~~~~~~~~~~~~
~~~~~~~~~~
    + CategoryInfo     
         : NotSpecifi  
  ed: ([31m✗[39m B   
 uild failed in 298    
ms:String) [], Rem    
oteException
    + FullyQualifiedEr 
   rorId : NativeComm  
  andError
 
[31merror during 
build:
[31mBuild failed with 
1 error:

[plugin vite:css] C:/Us
ers/yigit/Desktop/Nüans
 Atelier/WebSite/src/in
dex.css
Failed to load PostCSS 
config: Failed to load 
PostCSS config 
(searchPath: C:/Users/y
igit/Desktop/Nüans 
Atelier/WebSite): 
[ReferenceError] 
module is not defined 
in ES module scope
This file is being 
treated as an ES 
module because it has 
a '.js' file extension 
and 'C:\Users\yigit\Des
ktop\Nüans Atelier\WebS
ite\package.json' 
contains "type": 
"module". To treat it 
as a CommonJS script, 
rename it to use the 
'.cjs' file extension.
ReferenceError: module 
is not defined in ES 
module scope
This file is being 
treated as an ES 
module because it has 
a '.js' file extension 
and 'C:\Users\yigit\Des
ktop\Nüans Atelier\WebS
ite\package.json' 
contains "type": 
"module". To treat it 
as a CommonJS script, 
rename it to use the 
'.cjs' file extension.
    at file:///C:/Users
/yigit/Desktop/N%C3%BCa
ns%20Atelier/WebSite/po
stcss.config.js?t=17741
24725648:1:1
    at ModuleJob.run (n
ode:internal/modules/es
m/module_job:271:25)
    at async onImport.t
racePromise.__proto__ (
node:internal/modules/e
sm/loader:547:26)
    at async req (file:
///C:/Users/yigit/Deskt
op/N%C3%BCans%20Atelier
/WebSite/node_modules/v
ite/dist/node/chunks/no
de.js:19498:12)
    at async 
Object.search (file:///
C:/Users/yigit/Desktop/
N%C3%BCans%20Atelier/We
bSite/node_modules/vite
/dist/node/chunks/node.
js:19316:24)[31m
    at aggregateBinding
ErrorsIntoJsError (file
:///C:/Users/yigit/Desk
top/N%C3%BCans%20Atelie
r/WebSite/node_modules/
rolldown/dist/shared/er
ror-BO4SlZV_.mjs:48:18)
    at 
unwrapBindingResult (fi
le:///C:/Users/yigit/De
sktop/N%C3%BCans%20Atel
ier/WebSite/node_module
s/rolldown/dist/shared/
error-BO4SlZV_.mjs:18:1
28)
    at #build (file:///
C:/Users/yigit/Desktop/
N%C3%BCans%20Atelier/We
bSite/node_modules/roll
down/dist/shared/rolldo
wn-build-yQC7KN8K.mjs:3
311:34)
    at async 
buildEnvironment (file:
///C:/Users/yigit/Deskt
op/N%C3%BCans%20Atelier
/WebSite/node_modules/v
ite/dist/node/chunks/no
de.js:32817:64)
    at async 
Object.build (file:///C
:/Users/yigit/Desktop/N
%C3%BCans%20Atelier/Web
Site/node_modules/vite/
dist/node/chunks/node.j
s:33239:19)
    at async 
Object.buildApp (file:/
//C:/Users/yigit/Deskto
p/N%C3%BCans%20Atelier/
WebSite/node_modules/vi
te/dist/node/chunks/nod
e.js:33236:153)
    at async 
CAC.<anonymous> (file:/
//C:/Users/yigit/Deskto
p/N%C3%BCans%20Atelier/
WebSite/node_modules/vi
te/dist/node/cli.js:778
:3) {
  errors: 
[Getter/Setter]
}[39m
